- <_TtGC7SwiftUI19UIHostingControllerV9FlickrApp8HomeView_>
